2026-07-19 22:28:21.473 | INFO     | __main__:main:5 - Iniciando Motor Inteligente para Inventarios
2026-07-19 22:28:21.473 | INFO     | __main__:main:7 - Configuración cargada correctamente
2026-07-19 22:28:21.474 | WARNING  | __main__:main:9 - Este es un mensaje de advertencia
2026-07-19 22:28:21.474 | ERROR    | __main__:main:11 - Este es un ejemplo de error
2026-07-19 22:28:21.474 | SUCCESS  | __main__:main:13 - Sistema iniciado correctamente
2026-07-20 00:57:36.339 | SUCCESS  | __main__:main:11 - Conexion con PostgreSQL establecida correctamente
2026-07-21 03:37:18.394 | ERROR    | __main__:main:14 - 'utf-8' codec can't decode byte 0xab in position 96: invalid start byte
Traceback (most recent call last):

  File "<frozen runpy>", line 198, in _run_module_as_main
  File "<frozen runpy>", line 88, in _run_code

  File "D:\Programando-2025\motor_inventario\app\main.py", line 17, in <module>
    main()
    └ <function main at 0x000002B483106E80>

> File "D:\Programando-2025\motor_inventario\app\main.py", line 8, in main
    with engine.connect() as connection:
         │      └ <function Engine.connect at 0x000002B4866CEC00>
         └ Engine(postgresql+psycopg2://postgres:***@localhost:5432/motor_inventario)

  File "D:\Programando-2025\motor_inventario\.venv\Lib\site-packages\sqlalchemy\engine\base.py", line 3295, in connect
    return self._connection_cls(self)
           │    │               └ Engine(postgresql+psycopg2://postgres:***@localhost:5432/motor_inventario)
           │    └ <class 'sqlalchemy.engine.base.Connection'>
           └ Engine(postgresql+psycopg2://postgres:***@localhost:5432/motor_inventario)
  File "D:\Programando-2025\motor_inventario\.venv\Lib\site-packages\sqlalchemy\engine\base.py", line 144, in __init__
    self._dbapi_connection = engine.raw_connection()
    │                        │      └ <function Engine.raw_connection at 0x000002B4866CECA0>
    │                        └ Engine(postgresql+psycopg2://postgres:***@localhost:5432/motor_inventario)
    └ <sqlalchemy.engine.base.Connection object at 0x000002B48685F230>
  File "D:\Programando-2025\motor_inventario\.venv\Lib\site-packages\sqlalchemy\engine\base.py", line 3319, in raw_connection
    return self.pool.connect()
           │    │    └ <function Pool.connect at 0x000002B485A845E0>
           │    └ <sqlalchemy.pool.impl.QueuePool object at 0x000002B48685E660>
           └ Engine(postgresql+psycopg2://postgres:***@localhost:5432/motor_inventario)
  File "D:\Programando-2025\motor_inventario\.venv\Lib\site-packages\sqlalchemy\pool\base.py", line 448, in connect
    return _ConnectionFairy._checkout(self)
           │                │         └ <sqlalchemy.pool.impl.QueuePool object at 0x000002B48685E660>
           │                └ <classmethod(<function _ConnectionFairy._checkout at 0x000002B485A86840>)>
           └ <class 'sqlalchemy.pool.base._ConnectionFairy'>
  File "D:\Programando-2025\motor_inventario\.venv\Lib\site-packages\sqlalchemy\pool\base.py", line 1272, in _checkout
    fairy = _ConnectionRecord.checkout(pool)
            │                 │        └ <sqlalchemy.pool.impl.QueuePool object at 0x000002B48685E660>
            │                 └ <classmethod(<function _ConnectionRecord.checkout at 0x000002B485A85260>)>
            └ <class 'sqlalchemy.pool.base._ConnectionRecord'>
  File "D:\Programando-2025\motor_inventario\.venv\Lib\site-packages\sqlalchemy\pool\base.py", line 712, in checkout
    rec = pool._do_get()
          │    └ <function QueuePool._do_get at 0x000002B485A90680>
          └ <sqlalchemy.pool.impl.QueuePool object at 0x000002B48685E660>
  File "D:\Programando-2025\motor_inventario\.venv\Lib\site-packages\sqlalchemy\pool\impl.py", line 178, in _do_get
    with util.safe_reraise():
         │    └ <class 'sqlalchemy.util.langhelpers.safe_reraise'>
         └ <module 'sqlalchemy.util' from 'D:\\Programando-2025\\motor_inventario\\.venv\\Lib\\site-packages\\sqlalchemy\\util\\__init__...
  File "D:\Programando-2025\motor_inventario\.venv\Lib\site-packages\sqlalchemy\util\langhelpers.py", line 122, in __exit__
    raise exc_value.with_traceback(exc_tb)
          │         │              └ <traceback object at 0x000002B4869A2140>
          │         └ <method 'with_traceback' of 'BaseException' objects>
          └ UnicodeDecodeError('utf-8', b'connection to server at "localhost" (::1), port 5432 failed: FATAL:  no existe la base de datos...
  File "D:\Programando-2025\motor_inventario\.venv\Lib\site-packages\sqlalchemy\pool\impl.py", line 176, in _do_get
    return self._create_connection()
           │    └ <function Pool._create_connection at 0x000002B485A84360>
           └ <sqlalchemy.pool.impl.QueuePool object at 0x000002B48685E660>
  File "D:\Programando-2025\motor_inventario\.venv\Lib\site-packages\sqlalchemy\pool\base.py", line 389, in _create_connection
    return _ConnectionRecord(self)
           │                 └ <sqlalchemy.pool.impl.QueuePool object at 0x000002B48685E660>
           └ <class 'sqlalchemy.pool.base._ConnectionRecord'>
  File "D:\Programando-2025\motor_inventario\.venv\Lib\site-packages\sqlalchemy\pool\base.py", line 674, in __init__
    self.__connect()
    └ <sqlalchemy.pool.base._ConnectionRecord object at 0x000002B4830C1850>
  File "D:\Programando-2025\motor_inventario\.venv\Lib\site-packages\sqlalchemy\pool\base.py", line 900, in __connect
    with util.safe_reraise():
         │    └ <class 'sqlalchemy.util.langhelpers.safe_reraise'>
         └ <module 'sqlalchemy.util' from 'D:\\Programando-2025\\motor_inventario\\.venv\\Lib\\site-packages\\sqlalchemy\\util\\__init__...
  File "D:\Programando-2025\motor_inventario\.venv\Lib\site-packages\sqlalchemy\util\langhelpers.py", line 122, in __exit__
    raise exc_value.with_traceback(exc_tb)
          │         │              └ <traceback object at 0x000002B4856EA4C0>
          │         └ <method 'with_traceback' of 'BaseException' objects>
          └ UnicodeDecodeError('utf-8', b'connection to server at "localhost" (::1), port 5432 failed: FATAL:  no existe la base de datos...
  File "D:\Programando-2025\motor_inventario\.venv\Lib\site-packages\sqlalchemy\pool\base.py", line 896, in __connect
    self.dbapi_connection = connection = pool._invoke_creator(self)
    │    │                               │    │               └ <sqlalchemy.pool.base._ConnectionRecord object at 0x000002B4830C1850>
    │    │                               │    └ <function create_engine.<locals>.connect at 0x000002B4867A3BA0>
    │    │                               └ <sqlalchemy.pool.impl.QueuePool object at 0x000002B48685E660>
    │    └ <member 'dbapi_connection' of '_ConnectionRecord' objects>
    └ <sqlalchemy.pool.base._ConnectionRecord object at 0x000002B4830C1850>
  File "D:\Programando-2025\motor_inventario\.venv\Lib\site-packages\sqlalchemy\engine\create.py", line 667, in connect
    return dialect.connect(*cargs_tup, **cparams)
           │       │        │            └ immutabledict({'host': 'localhost', 'dbname': 'motor_inventario', 'user': 'postgres', 'password': 'Katia0207', 'port': 5432})
           │       │        └ []
           │       └ <function DefaultDialect.connect at 0x000002B4867C5C60>
           └ <sqlalchemy.dialects.postgresql.psycopg2.PGDialect_psycopg2 object at 0x000002B48685E270>
  File "D:\Programando-2025\motor_inventario\.venv\Lib\site-packages\sqlalchemy\engine\default.py", line 630, in connect
    return self.loaded_dbapi.connect(*cargs, **cparams)  # type: ignore[no-any-return]  # NOQA: E501
           │    │            │        │        └ {'host': 'localhost', 'dbname': 'motor_inventario', 'user': 'postgres', 'password': 'Katia0207', 'port': 5432}
           │    │            │        └ ()
           │    │            └ <function connect at 0x000002B48693ACA0>
           │    └ <module 'psycopg2' from 'D:\\Programando-2025\\motor_inventario\\.venv\\Lib\\site-packages\\psycopg2\\__init__.py'>
           └ <sqlalchemy.dialects.postgresql.psycopg2.PGDialect_psycopg2 object at 0x000002B48685E270>
  File "D:\Programando-2025\motor_inventario\.venv\Lib\site-packages\psycopg2\__init__.py", line 135, in connect
    conn = _connect(dsn, connection_factory=connection_factory, **kwasync)
           │        │                       │                     └ {}
           │        │                       └ None
           │        └ 'host=localhost dbname=motor_inventario user=postgres password=Katia0207 port=5432'
           └ <built-in function _connect>

UnicodeDecodeError: 'utf-8' codec can't decode byte 0xab in position 96: invalid start byte
2026-07-21 03:45:09.855 | SUCCESS  | __main__:main:11 - Conexion con PostgreSQL establecida correctamente
2026-07-21 19:30:05.982 | SUCCESS  | __main__:main:11 - Conexion con PostgreSQL establecida correctamente
2026-07-26 08:38:26.253 | INFO     | app.modules.catalogo.services.catalogo_service:actualizar_producto:134 - Actualizando producto ID 1
2026-07-26 08:38:26.355 | SUCCESS  | app.modules.catalogo.services.catalogo_service:actualizar_producto:138 - Producto P000001 actualizado correctamente
2026-07-28 10:43:10.501 | INFO     | app.modules.inventario.services.inventario_service:registrar_entrada:32 - Registrando entrada. Producto=1, Cantidad=20
2026-07-28 10:43:11.118 | ERROR    | app.modules.inventario.services.inventario_service:registrar_entrada:78 - Error registrando entrada: (psycopg2.errors.UndefinedTable) no existe la relación «inventarios»
LINE 2: FROM inventarios 
             ^

[SQL: SELECT inventarios.producto_id, inventarios.stock_actual, inventarios.stock_reservado, inventarios.id, inventarios.fecha_creacion, inventarios.fecha_actualizacion 
FROM inventarios 
WHERE inventarios.producto_id = %(producto_id_1)s]
[parameters: {'producto_id_1': 1}]
(Background on this error at: https://sqlalche.me/e/20/f405)
Traceback (most recent call last):

  File "D:\Programando-2025\motor_inventario\.venv\Lib\site-packages\sqlalchemy\engine\base.py", line 1969, in _exec_single_context
    self.dialect.do_execute(
    │    │       └ <function DefaultDialect.do_execute at 0x000001BD826DACA0>
    │    └ <sqlalchemy.dialects.postgresql.psycopg2.PGDialect_psycopg2 object at 0x000001BD82B596A0>
    └ <sqlalchemy.engine.base.Connection object at 0x000001BD83073230>
  File "D:\Programando-2025\motor_inventario\.venv\Lib\site-packages\sqlalchemy\engine\default.py", line 952, in do_execute
    cursor.execute(statement, parameters)
    │      │       │          └ {'producto_id_1': 1}
    │      │       └ 'SELECT inventarios.producto_id, inventarios.stock_actual, inventarios.stock_reservado, inventarios.id, inventarios.fecha_cre...
    │      └ <method 'execute' of 'psycopg2.extensions.cursor' objects>
    └ <cursor object at 0x000001BD8310A260; closed: -1>

psycopg2.errors.UndefinedTable: no existe la relación «inventarios»
LINE 2: FROM inventarios 
             ^



The above exception was the direct cause of the following exception:


Traceback (most recent call last):

  File "<frozen runpy>", line 198, in _run_module_as_main
  File "<frozen runpy>", line 88, in _run_code

  File "D:\Programando-2025\motor_inventario\scripts\registrar_entrada.py", line 35, in <module>
    main()
    └ <function main at 0x000001BDFF1B76A0>

  File "D:\Programando-2025\motor_inventario\scripts\registrar_entrada.py", line 15, in main
    inventario = service.registrar_entrada(
                 │       └ <function InventarioService.registrar_entrada at 0x000001BD83100220>
                 └ <app.modules.inventario.services.inventario_service.InventarioService object at 0x000001BD83072E40>

> File "D:\Programando-2025\motor_inventario\app\modules\inventario\services\inventario_service.py", line 37, in registrar_entrada
    inventario = self.inventario_repository.get_by_producto_id(
                 │    │                     └ <function InventarioRepository.get_by_producto_id at 0x000001BD830DFB00>
                 │    └ <app.modules.inventario.repositories.inventario_repository.InventarioRepository object at 0x000001BD83072F90>
                 └ <app.modules.inventario.services.inventario_service.InventarioService object at 0x000001BD83072E40>

  File "D:\Programando-2025\motor_inventario\app\modules\inventario\repositories\inventario_repository.py", line 23, in get_by_producto_id
    return self.session.scalar(stmt)
           │    │       │      └ <sqlalchemy.sql.selectable.Select object at 0x000001BD82F7CE10>
           │    │       └ <function Session.scalar at 0x000001BD8299B920>
           │    └ <sqlalchemy.orm.session.Session object at 0x000001BD83072BA0>
           └ <app.modules.inventario.repositories.inventario_repository.InventarioRepository object at 0x000001BD83072F90>

  File "D:\Programando-2025\motor_inventario\.venv\Lib\site-packages\sqlalchemy\orm\session.py", line 2421, in scalar
    return self._execute_internal(
           │    └ <function Session._execute_internal at 0x000001BD8299B420>
           └ <sqlalchemy.orm.session.Session object at 0x000001BD83072BA0>
  File "D:\Programando-2025\motor_inventario\.venv\Lib\site-packages\sqlalchemy\orm\session.py", line 2271, in _execute_internal
    result: Result[Any] = compile_state_cls.orm_execute_statement(
                   │      │                 └ <classmethod(<function AbstractORMCompileState.orm_execute_statement at 0x000001BD828114E0>)>
                   │      └ <class 'sqlalchemy.orm.context.ORMSelectCompileState'>
                   └ typing.Any
  File "D:\Programando-2025\motor_inventario\.venv\Lib\site-packages\sqlalchemy\orm\context.py", line 306, in orm_execute_statement
    result = conn.execute(
             │    └ <function Connection.execute at 0x000001BD825DBF60>
             └ <sqlalchemy.engine.base.Connection object at 0x000001BD83073230>
  File "D:\Programando-2025\motor_inventario\.venv\Lib\site-packages\sqlalchemy\engine\base.py", line 1421, in execute
    return meth(
           └ <bound method ClauseElement._execute_on_connection of <sqlalchemy.sql.selectable.Select object at 0x000001BD82F7CE10>>
  File "D:\Programando-2025\motor_inventario\.venv\Lib\site-packages\sqlalchemy\sql\elements.py", line 526, in _execute_on_connection
    return connection._execute_clauseelement(
           │          └ <function Connection._execute_clauseelement at 0x000001BD825E42C0>
           └ <sqlalchemy.engine.base.Connection object at 0x000001BD83073230>
  File "D:\Programando-2025\motor_inventario\.venv\Lib\site-packages\sqlalchemy\engine\base.py", line 1643, in _execute_clauseelement
    ret = self._execute_context(
          │    └ <function Connection._execute_context at 0x000001BD825E44A0>
          └ <sqlalchemy.engine.base.Connection object at 0x000001BD83073230>
  File "D:\Programando-2025\motor_inventario\.venv\Lib\site-packages\sqlalchemy\engine\base.py", line 1848, in _execute_context
    return self._exec_single_context(
           │    └ <function Connection._exec_single_context at 0x000001BD825E4540>
           └ <sqlalchemy.engine.base.Connection object at 0x000001BD83073230>
  File "D:\Programando-2025\motor_inventario\.venv\Lib\site-packages\sqlalchemy\engine\base.py", line 1988, in _exec_single_context
    self._handle_dbapi_exception(
    │    └ <function Connection._handle_dbapi_exception at 0x000001BD825E47C0>
    └ <sqlalchemy.engine.base.Connection object at 0x000001BD83073230>
  File "D:\Programando-2025\motor_inventario\.venv\Lib\site-packages\sqlalchemy\engine\base.py", line 2365, in _handle_dbapi_exception
    raise sqlalchemy_exception.with_traceback(exc_info[2]) from e
          │                    │              │                 └ UndefinedTable('no existe la relación «inventarios»\nLINE 2: FROM inventarios \n             ^\n')
          │                    │              └ (<class 'psycopg2.errors.UndefinedTable'>, UndefinedTable('no existe la relación «inventarios»\nLINE 2: FROM inventarios \n  ...
          │                    └ <method 'with_traceback' of 'BaseException' objects>
          └ ProgrammingError('(psycopg2.errors.UndefinedTable) no existe la relación «inventarios»\nLINE 2: FROM inventarios \n          ...
  File "D:\Programando-2025\motor_inventario\.venv\Lib\site-packages\sqlalchemy\engine\base.py", line 1969, in _exec_single_context
    self.dialect.do_execute(
    │    │       └ <function DefaultDialect.do_execute at 0x000001BD826DACA0>
    │    └ <sqlalchemy.dialects.postgresql.psycopg2.PGDialect_psycopg2 object at 0x000001BD82B596A0>
    └ <sqlalchemy.engine.base.Connection object at 0x000001BD83073230>
  File "D:\Programando-2025\motor_inventario\.venv\Lib\site-packages\sqlalchemy\engine\default.py", line 952, in do_execute
    cursor.execute(statement, parameters)
    │      │       │          └ {'producto_id_1': 1}
    │      │       └ 'SELECT inventarios.producto_id, inventarios.stock_actual, inventarios.stock_reservado, inventarios.id, inventarios.fecha_cre...
    │      └ <method 'execute' of 'psycopg2.extensions.cursor' objects>
    └ <cursor object at 0x000001BD8310A260; closed: -1>

sqlalchemy.exc.ProgrammingError: (psycopg2.errors.UndefinedTable) no existe la relación «inventarios»
LINE 2: FROM inventarios 
             ^

[SQL: SELECT inventarios.producto_id, inventarios.stock_actual, inventarios.stock_reservado, inventarios.id, inventarios.fecha_creacion, inventarios.fecha_actualizacion 
FROM inventarios 
WHERE inventarios.producto_id = %(producto_id_1)s]
[parameters: {'producto_id_1': 1}]
(Background on this error at: https://sqlalche.me/e/20/f405)
2026-07-28 10:59:01.537 | INFO     | app.modules.inventario.services.inventario_service:registrar_entrada:32 - Registrando entrada. Producto=1, Cantidad=20
2026-07-28 10:59:01.635 | INFO     | app.modules.inventario.services.inventario_service:registrar_entrada:65 - Registrando entrada de inventario. Producto=1, Cantidad=20
2026-07-28 10:59:01.644 | SUCCESS  | app.modules.inventario.services.inventario_service:registrar_entrada:72 - Entrada registrada. Inventario=1, Stock=20
2026-07-28 12:38:20.930 | INFO     | app.modules.inventario.services.inventario_service:registrar_salida:140 - Registrando salida. Producto=1, Cantidad=5
2026-07-28 12:38:20.947 | SUCCESS  | app.modules.inventario.services.inventario_service:registrar_salida:180 - Salida registrada correctamente. Producto=1, Stock=15
2026-07-28 12:39:06.766 | INFO     | app.modules.inventario.services.inventario_service:registrar_salida:140 - Registrando salida. Producto=1, Cantidad=500
2026-07-28 12:39:06.771 | ERROR    | app.modules.inventario.services.inventario_service:registrar_salida:190 - Error registrando salida: Stock insuficiente. Disponible: 15, solicitado: 500.
Traceback (most recent call last):

  File "<frozen runpy>", line 198, in _run_module_as_main
  File "<frozen runpy>", line 88, in _run_code

  File "D:\Programando-2025\motor_inventario\scripts\registrar_salida.py", line 35, in <module>
    main()
    └ <function main at 0x00000151F3E476A0>

  File "D:\Programando-2025\motor_inventario\scripts\registrar_salida.py", line 15, in main
    inventario = service.registrar_salida(
                 │       └ <function InventarioService.registrar_salida at 0x00000151F7D52660>
                 └ <app.modules.inventario.services.inventario_service.InventarioService object at 0x00000151F7CCAF90>

> File "D:\Programando-2025\motor_inventario\app\modules\inventario\services\inventario_service.py", line 155, in registrar_salida
    self._validar_stock(
    │    └ <function InventarioService._validar_stock at 0x00000151F7D52480>
    └ <app.modules.inventario.services.inventario_service.InventarioService object at 0x00000151F7CCAF90>

  File "D:\Programando-2025\motor_inventario\app\modules\inventario\services\inventario_service.py", line 51, in _validar_stock
    raise StockInsuficienteException(disponible=stock_actual, solicitado=cantidad)
          │                                     │                        └ 500
          │                                     └ 15
          └ <class 'app.modules.inventario.exceptions.stock_insuficiente_exception.StockInsuficienteException'>

app.modules.inventario.exceptions.stock_insuficiente_exception.StockInsuficienteException: Stock insuficiente. Disponible: 15, solicitado: 500.
2026-07-28 12:54:35.319 | INFO     | app.modules.inventario.services.inventario_service:ajustar_stock:197 - Ajustando stock. Producto=1, Nuevo Stock=100
2026-07-28 12:54:35.337 | SUCCESS  | app.modules.inventario.services.inventario_service:ajustar_stock:239 - Stock ajustado correctamente. Producto=1, Stock=100
2026-07-29 11:52:16.823 | INFO     | app.modules.compras.services.compra_service:crear_compra:85 - Creando compra FAC-2026-001
2026-07-29 11:52:16.841 | ERROR    | app.modules.compras.services.compra_service:crear_compra:139 - Error creando compra: Producto 2 no existe.
Traceback (most recent call last):

  File "<frozen runpy>", line 198, in _run_module_as_main
  File "<frozen runpy>", line 88, in _run_code

  File "D:\Programando-2025\motor_inventario\scripts\crear_compra.py", line 58, in <module>
    main()
    └ <function main at 0x00000217712F76A0>

  File "D:\Programando-2025\motor_inventario\scripts\crear_compra.py", line 21, in main
    compra = service.crear_compra(
             │       └ <function CompraService.crear_compra at 0x000002177529DEE0>
             └ <app.modules.compras.services.compra_service.CompraService object at 0x00000217751FEE40>

> File "D:\Programando-2025\motor_inventario\app\modules\compras\services\compra_service.py", line 104, in crear_compra
    self._validar_producto(item.producto_id)
    │    │                 │    └ 2
    │    │                 └ CompraDetalleCreate(producto_id=2, cantidad=10, costo_unitario=Decimal('25.00'))
    │    └ <function CompraService._validar_producto at 0x000002177529DBC0>
    └ <app.modules.compras.services.compra_service.CompraService object at 0x00000217751FEE40>

  File "D:\Programando-2025\motor_inventario\app\modules\compras\services\compra_service.py", line 48, in _validar_producto
    raise NotFoundException(f"Producto {producto_id} no existe.")
          │                             └ 2
          └ <class 'app.shared.exceptions.not_found_exception.NotFoundException'>

app.shared.exceptions.not_found_exception.NotFoundException: Producto 2 no existe.
2026-07-29 11:58:56.163 | INFO     | app.modules.compras.services.compra_service:crear_compra:85 - Creando compra FAC-2026-001
2026-07-29 11:58:56.562 | SUCCESS  | app.modules.compras.services.compra_service:crear_compra:133 - Compra FAC-2026-001 creando correctamente.
2026-07-29 12:05:50.457 | INFO     | app.modules.catalogo.services.catalogo_service:crear_producto:36 - Iniciando cracion del producto 'P000002'
2026-07-29 12:31:41.252 | INFO     | app.modules.compras.services.compra_service:confirmar_compra:179 - Confirmando compra FAC-2026-001
2026-07-29 12:31:41.260 | INFO     | app.modules.inventario.services.inventario_service:registrar_entrada:86 - Registrando entrada. Producto=1, Cantidad=5
2026-07-29 12:31:41.264 | SUCCESS  | app.modules.inventario.services.inventario_service:registrar_entrada:126 - Entrada registrada. Inventario=1, Stock=105
2026-07-29 12:31:41.277 | SUCCESS  | app.modules.compras.services.compra_service:confirmar_compra:202 - Compra FAC-2026-001 confirmada correctamente.
2026-07-30 09:59:12.952 | SUCCESS  | app.modules.ventas.services.venta_service:crear_venta:153 - Venta VTA-2026-001 creada correctamente.
2026-07-31 07:56:46.501 | INFO     | app.modules.inventario.services.inventario_service:registrar_salida:146 - Registrando salida. Producto=1, Cantidad=2
2026-07-31 07:56:46.526 | SUCCESS  | app.modules.inventario.services.inventario_service:registrar_salida:186 - Salida registrada correctamente. Producto=1, Stock=103
2026-07-31 07:56:46.555 | SUCCESS  | app.modules.ventas.services.venta_service:confirmar_venta:200 - Venta {} confirmada correctamente.
2026-08-01 07:21:28.617 | INFO     | app.modules.catalogo.services.catalogo_service:crear_producto:36 - Iniciando cracion del producto 'P000002'
2026-08-01 07:21:28.950 | INFO     | app.modules.catalogo.services.catalogo_service:crear_producto:77 - Guardando porducto 'P000002' en la base de datos
2026-08-01 07:21:28.993 | SUCCESS  | app.modules.catalogo.services.catalogo_service:crear_producto:81 - Producto 'P000002' creado correctamente con ID 2
2026-08-04 21:34:50.721 | INFO     | app.modules.catalogo.services.catalogo_service:actualizar_producto:145 - Actualizando producto ID 1
2026-08-04 21:37:12.947 | INFO     | app.modules.catalogo.services.catalogo_service:actualizar_producto:145 - Actualizando producto ID 2
2026-08-04 21:38:07.766 | INFO     | app.modules.catalogo.services.catalogo_service:actualizar_producto:145 - Actualizando producto ID 2
2026-08-04 21:45:41.965 | INFO     | app.modules.catalogo.services.catalogo_service:actualizar_producto:145 - Actualizando producto ID 1
2026-08-04 21:45:41.972 | SUCCESS  | app.modules.catalogo.services.catalogo_service:actualizar_producto:149 - Producto P000001 actualizado correctamente
2026-08-04 21:48:50.007 | WARNING  | app.modules.catalogo.services.catalogo_service:desactivar_producto:162 - Desactivando producto P000001
2026-08-04 21:48:56.995 | WARNING  | app.modules.catalogo.services.catalogo_service:desactivar_producto:162 - Desactivando producto P000001
2026-08-04 21:48:57.064 | WARNING  | app.modules.catalogo.services.catalogo_service:desactivar_producto:162 - Desactivando producto P000001
2026-08-04 21:49:16.450 | WARNING  | app.modules.catalogo.services.catalogo_service:desactivar_producto:162 - Desactivando producto P000001
2026-08-04 21:55:05.509 | WARNING  | app.modules.catalogo.services.catalogo_service:desactivar_producto:162 - Desactivando producto P000001
2026-08-04 21:55:05.513 | SUCCESS  | app.modules.catalogo.services.catalogo_service:desactivar_producto:167 - Producto P000001 desactivado correctamente
2026-08-04 21:55:09.185 | WARNING  | app.modules.catalogo.services.catalogo_service:desactivar_producto:162 - Desactivando producto P000001
2026-08-04 21:55:09.188 | SUCCESS  | app.modules.catalogo.services.catalogo_service:desactivar_producto:167 - Producto P000001 desactivado correctamente
2026-08-07 01:16:37.548 | INFO     | app.modules.inventario.services.inventario_service:registrar_entrada:91 - Registrando entrada. Producto=1, Cantidad=10
2026-08-07 01:16:37.806 | SUCCESS  | app.modules.inventario.services.inventario_service:registrar_entrada:131 - Entrada registrada. Inventario=1, Stock=113
2026-08-07 01:18:37.131 | INFO     | app.modules.inventario.services.inventario_service:registrar_salida:151 - Registrando salida. Producto=1, Cantidad=3
2026-08-07 01:18:37.138 | SUCCESS  | app.modules.inventario.services.inventario_service:registrar_salida:191 - Salida registrada correctamente. Producto=1, Stock=110
2026-08-07 01:18:40.445 | INFO     | app.modules.inventario.services.inventario_service:registrar_salida:151 - Registrando salida. Producto=1, Cantidad=3
2026-08-07 01:18:40.451 | SUCCESS  | app.modules.inventario.services.inventario_service:registrar_salida:191 - Salida registrada correctamente. Producto=1, Stock=107
2026-08-07 01:19:26.013 | INFO     | app.modules.inventario.services.inventario_service:registrar_salida:151 - Registrando salida. Producto=1, Cantidad=7
2026-08-07 01:19:26.018 | SUCCESS  | app.modules.inventario.services.inventario_service:registrar_salida:191 - Salida registrada correctamente. Producto=1, Stock=100
2026-08-07 01:20:14.415 | INFO     | app.modules.inventario.services.inventario_service:ajustar_stock:209 - Ajustando stock. Producto=1, Nuevo Stock=50
2026-08-07 01:20:14.421 | SUCCESS  | app.modules.inventario.services.inventario_service:ajustar_stock:251 - Stock ajustado correctamente. Producto=1, Stock=50
2026-08-07 01:27:16.975 | INFO     | app.modules.inventario.services.inventario_service:registrar_salida:151 - Registrando salida. Producto=1, Cantidad=60
2026-08-07 01:27:16.978 | ERROR    | app.modules.inventario.services.inventario_service:registrar_salida:202 - Error registrando salida: Stock insuficiente. Disponible: 50, solicitado: 60.
Traceback (most recent call last):

  File "C:\Python313\Lib\threading.py", line 1014, in _bootstrap
    self._bootstrap_inner()
    │    └ <function Thread._bootstrap_inner at 0x000001DCD9BB0040>
    └ <WorkerThread(AnyIO worker thread, started 19036)>
  File "C:\Python313\Lib\threading.py", line 1043, in _bootstrap_inner
    self.run()
    │    └ <function WorkerThread.run at 0x000001DCDF5F5C60>
    └ <WorkerThread(AnyIO worker thread, started 19036)>
  File "D:\Programando-2025\motor_inventario\.venv\Lib\site-packages\anyio\_backends\_asyncio.py", line 1033, in run
    result = context.run(func, *args)
             │       │   │      └ ()
             │       │   └ functools.partial(<function registrar_salida at 0x000001DCDF5153A0>, service=<app.modules.inventario.services.inventario_serv...
             │       └ <method 'run' of '_contextvars.Context' objects>
             └ <_contextvars.Context object at 0x000001DCDFA23080>

  File "D:\Programando-2025\motor_inventario\app\api\routers\inventario.py", line 67, in registrar_salida
    inventario = service.registrar_salida(data)
                 │       │                └ RegistrarSalida(producto_id=1, cantidad=60, motivo='Prueba de stock insuficiente', referencia='TEST-001')
                 │       └ <function InventarioService.registrar_salida at 0x000001DCDF514E00>
                 └ <app.modules.inventario.services.inventario_service.InventarioService object at 0x000001DCDF593DF0>

> File "D:\Programando-2025\motor_inventario\app\modules\inventario\services\inventario_service.py", line 166, in registrar_salida
    self._validar_stock(
    │    └ <function InventarioService._validar_stock at 0x000001DCDF514C20>
    └ <app.modules.inventario.services.inventario_service.InventarioService object at 0x000001DCDF593DF0>

  File "D:\Programando-2025\motor_inventario\app\modules\inventario\services\inventario_service.py", line 56, in _validar_stock
    raise StockInsuficienteException(disponible=stock_actual, solicitado=cantidad)
          │                                     │                        └ 60
          │                                     └ 50
          └ <class 'app.modules.inventario.exceptions.stock_insuficiente_exception.StockInsuficienteException'>

app.modules.inventario.exceptions.stock_insuficiente_exception.StockInsuficienteException: Stock insuficiente. Disponible: 50, solicitado: 60.
2026-08-07 01:42:54.809 | INFO     | app.modules.inventario.services.inventario_service:registrar_salida:151 - Registrando salida. Producto=1, Cantidad=999999
2026-08-07 01:42:54.814 | ERROR    | app.modules.inventario.services.inventario_service:registrar_salida:202 - Error registrando salida: Stock insuficiente. Disponible: 50, solicitado: 999999.
Traceback (most recent call last):

  File "C:\Python313\Lib\threading.py", line 1014, in _bootstrap
    self._bootstrap_inner()
    │    └ <function Thread._bootstrap_inner at 0x0000020FF9090040>
    └ <WorkerThread(AnyIO worker thread, started 15428)>
  File "C:\Python313\Lib\threading.py", line 1043, in _bootstrap_inner
    self.run()
    │    └ <function WorkerThread.run at 0x0000020FFEB21F80>
    └ <WorkerThread(AnyIO worker thread, started 15428)>
  File "D:\Programando-2025\motor_inventario\.venv\Lib\site-packages\anyio\_backends\_asyncio.py", line 1033, in run
    result = context.run(func, *args)
             │       │   │      └ ()
             │       │   └ functools.partial(<function registrar_salida at 0x0000020FFEA5D4E0>, service=<app.modules.inventario.services.inventario_serv...
             │       └ <method 'run' of '_contextvars.Context' objects>
             └ <_contextvars.Context object at 0x0000020FFE9F9B40>

  File "D:\Programando-2025\motor_inventario\app\api\routers\inventario.py", line 68, in registrar_salida
    inventario = service.registrar_salida(data)
                 │       │                └ RegistrarSalida(producto_id=1, cantidad=999999, motivo='Prueba de stock insuficiente', referencia='TEST-STOCK-001')
                 │       └ <function InventarioService.registrar_salida at 0x0000020FFEA5CE00>
                 └ <app.modules.inventario.services.inventario_service.InventarioService object at 0x0000020FFEF68690>

> File "D:\Programando-2025\motor_inventario\app\modules\inventario\services\inventario_service.py", line 166, in registrar_salida
    self._validar_stock(
    │    └ <function InventarioService._validar_stock at 0x0000020FFEA5CC20>
    └ <app.modules.inventario.services.inventario_service.InventarioService object at 0x0000020FFEF68690>

  File "D:\Programando-2025\motor_inventario\app\modules\inventario\services\inventario_service.py", line 56, in _validar_stock
    raise StockInsuficienteException(disponible=stock_actual, solicitado=cantidad)
          │                                     │                        └ 999999
          │                                     └ 50
          └ <class 'app.modules.inventario.exceptions.stock_insuficiente_exception.StockInsuficienteException'>

app.modules.inventario.exceptions.stock_insuficiente_exception.StockInsuficienteException: Stock insuficiente. Disponible: 50, solicitado: 999999.
2026-08-07 01:46:54.782 | INFO     | app.modules.inventario.services.inventario_service:registrar_salida:151 - Registrando salida. Producto=1, Cantidad=999999
2026-08-07 01:46:54.787 | ERROR    | app.modules.inventario.services.inventario_service:registrar_salida:202 - Error registrando salida: Stock insuficiente. Disponible: 50, solicitado: 999999.
Traceback (most recent call last):

  File "C:\Python313\Lib\threading.py", line 1014, in _bootstrap
    self._bootstrap_inner()
    │    └ <function Thread._bootstrap_inner at 0x00000179BB690040>
    └ <WorkerThread(AnyIO worker thread, started 14212)>
  File "C:\Python313\Lib\threading.py", line 1043, in _bootstrap_inner
    self.run()
    │    └ <function WorkerThread.run at 0x00000179C106A340>
    └ <WorkerThread(AnyIO worker thread, started 14212)>
  File "D:\Programando-2025\motor_inventario\.venv\Lib\site-packages\anyio\_backends\_asyncio.py", line 1033, in run
    result = context.run(func, *args)
             │       │   │      └ ()
             │       │   └ functools.partial(<function registrar_salida at 0x00000179C0F998A0>, service=<app.modules.inventario.services.inventario_serv...
             │       └ <method 'run' of '_contextvars.Context' objects>
             └ <_contextvars.Context object at 0x00000179C0FC6C80>

  File "D:\Programando-2025\motor_inventario\app\api\routers\inventario.py", line 68, in registrar_salida
    inventario = service.registrar_salida(data)
                 │       │                └ RegistrarSalida(producto_id=1, cantidad=999999, motivo='Prueba de stock insuficiente', referencia='TEST-STOCK-001')
                 │       └ <function InventarioService.registrar_salida at 0x00000179C0F991C0>
                 └ <app.modules.inventario.services.inventario_service.InventarioService object at 0x00000179C0F85A90>

> File "D:\Programando-2025\motor_inventario\app\modules\inventario\services\inventario_service.py", line 166, in registrar_salida
    self._validar_stock(
    │    └ <function InventarioService._validar_stock at 0x00000179C0F98FE0>
    └ <app.modules.inventario.services.inventario_service.InventarioService object at 0x00000179C0F85A90>

  File "D:\Programando-2025\motor_inventario\app\modules\inventario\services\inventario_service.py", line 56, in _validar_stock
    raise StockInsuficienteException(disponible=stock_actual, solicitado=cantidad)
          │                                     │                        └ 999999
          │                                     └ 50
          └ <class 'app.modules.inventario.exceptions.stock_insuficiente_exception.StockInsuficienteException'>

app.modules.inventario.exceptions.stock_insuficiente_exception.StockInsuficienteException: Stock insuficiente. Disponible: 50, solicitado: 999999.
2026-08-07 01:58:17.019 | WARNING  | app.modules.catalogo.services.catalogo_service:desactivar_producto:162 - Desactivando producto P000001
2026-08-07 01:58:17.024 | SUCCESS  | app.modules.catalogo.services.catalogo_service:desactivar_producto:167 - Producto P000001 desactivado correctamente
2026-08-07 02:09:58.993 | INFO     | app.modules.compras.services.compra_service:crear_compra:108 - Creando compra CMP-API-001
2026-08-07 02:09:59.082 | SUCCESS  | app.modules.compras.services.compra_service:crear_compra:156 - Compra CMP-API-001 creando correctamente.
2026-08-07 02:11:47.928 | INFO     | app.modules.compras.services.compra_service:confirmar_compra:179 - Confirmando compra CMP-API-001
2026-08-07 02:11:47.941 | INFO     | app.modules.inventario.services.inventario_service:registrar_entrada:91 - Registrando entrada. Producto=1, Cantidad=8
2026-08-07 02:11:47.945 | SUCCESS  | app.modules.inventario.services.inventario_service:registrar_entrada:131 - Entrada registrada. Inventario=1, Stock=58
2026-08-07 02:11:47.963 | SUCCESS  | app.modules.compras.services.compra_service:confirmar_compra:202 - Compra CMP-API-001 confirmada correctamente.
2026-08-07 14:25:13.310 | SUCCESS  | app.modules.ventas.services.venta_service:crear_venta:166 - Venta VTA-API-001 creada correctamente.
2026-08-07 14:31:36.176 | INFO     | app.modules.inventario.services.inventario_service:registrar_salida:151 - Registrando salida. Producto=1, Cantidad=4
2026-08-07 14:31:36.180 | SUCCESS  | app.modules.inventario.services.inventario_service:registrar_salida:191 - Salida registrada correctamente. Producto=1, Stock=54
2026-08-07 14:31:36.245 | SUCCESS  | app.modules.ventas.services.venta_service:confirmar_venta:197 - Venta VTA-API-001 confirmada correctamente.
2026-08-07 14:45:41.895 | SUCCESS  | app.modules.ventas.services.venta_service:crear_venta:170 - Venta VTA-STOCK-001 creada correctamente.
2026-08-07 14:46:46.998 | INFO     | app.modules.inventario.services.inventario_service:registrar_salida:151 - Registrando salida. Producto=1, Cantidad=999999
2026-08-07 14:46:47.002 | ERROR    | app.modules.inventario.services.inventario_service:registrar_salida:202 - Error registrando salida: Stock insuficiente. Disponible: 54, solicitado: 999999.
Traceback (most recent call last):

  File "C:\Python313\Lib\threading.py", line 1014, in _bootstrap
    self._bootstrap_inner()
    │    └ <function Thread._bootstrap_inner at 0x0000022143EA0040>
    └ <WorkerThread(AnyIO worker thread, started 8144)>
  File "C:\Python313\Lib\threading.py", line 1043, in _bootstrap_inner
    self.run()
    │    └ <function WorkerThread.run at 0x000002214990A160>
    └ <WorkerThread(AnyIO worker thread, started 8144)>
  File "D:\Programando-2025\motor_inventario\.venv\Lib\site-packages\anyio\_backends\_asyncio.py", line 1033, in run
    result = context.run(func, *args)
             │       │   │      └ ()
             │       │   └ functools.partial(<function confirmar_venta at 0x000002214985A340>, service=<app.modules.ventas.services.venta_service.VentaS...
             │       └ <method 'run' of '_contextvars.Context' objects>
             └ <_contextvars.Context object at 0x0000022149A0B7C0>

  File "D:\Programando-2025\motor_inventario\app\api\routers\ventas.py", line 54, in confirmar_venta
    venta = service.confirmar_venta(venta_id)
            │       │               └ 3
            │       └ <function VentaService.confirmar_venta at 0x000002214985A0C0>
            └ <app.modules.ventas.services.venta_service.VentaService object at 0x000002214998BBB0>

  File "D:\Programando-2025\motor_inventario\app\modules\ventas\services\venta_service.py", line 187, in confirmar_venta
    self.inventario_service.registrar_salida(
    │    │                  └ <function InventarioService.registrar_salida at 0x00000221497E91C0>
    │    └ <app.modules.inventario.services.inventario_service.InventarioService object at 0x0000022149D9C180>
    └ <app.modules.ventas.services.venta_service.VentaService object at 0x000002214998BBB0>

> File "D:\Programando-2025\motor_inventario\app\modules\inventario\services\inventario_service.py", line 166, in registrar_salida
    self._validar_stock(
    │    └ <function InventarioService._validar_stock at 0x00000221497E8FE0>
    └ <app.modules.inventario.services.inventario_service.InventarioService object at 0x0000022149D9C180>

  File "D:\Programando-2025\motor_inventario\app\modules\inventario\services\inventario_service.py", line 56, in _validar_stock
    raise StockInsuficienteException(disponible=stock_actual, solicitado=cantidad)
          │                                     │                        └ 999999
          │                                     └ 54
          └ <class 'app.modules.inventario.exceptions.stock_insuficiente_exception.StockInsuficienteException'>

app.modules.inventario.exceptions.stock_insuficiente_exception.StockInsuficienteException: Stock insuficiente. Disponible: 54, solicitado: 999999.
2026-08-08 15:02:21.665 | INFO     | app.modules.inventario.services.inventario_service:registrar_salida:151 - Registrando salida. Producto=1, Cantidad=999999
2026-08-08 15:02:21.695 | ERROR    | app.modules.inventario.services.inventario_service:registrar_salida:202 - Error registrando salida: Stock insuficiente. Disponible: 54, solicitado: 999999.
Traceback (most recent call last):

  File "C:\Python313\Lib\threading.py", line 1014, in _bootstrap
    self._bootstrap_inner()
    │    └ <function Thread._bootstrap_inner at 0x000002456BCD0040>
    └ <WorkerThread(AnyIO worker thread, started 10280)>
  File "C:\Python313\Lib\threading.py", line 1043, in _bootstrap_inner
    self.run()
    │    └ <function WorkerThread.run at 0x0000024571782CA0>
    └ <WorkerThread(AnyIO worker thread, started 10280)>
  File "D:\Programando-2025\motor_inventario\.venv\Lib\site-packages\anyio\_backends\_asyncio.py", line 1033, in run
    result = context.run(func, *args)
             │       │   │      └ ()
             │       │   └ functools.partial(<function confirmar_venta at 0x000002457169A480>, service=<app.modules.ventas.services.venta_service.VentaS...
             │       └ <method 'run' of '_contextvars.Context' objects>
             └ <_contextvars.Context object at 0x00000245717AE400>

  File "D:\Programando-2025\motor_inventario\app\api\routers\ventas.py", line 58, in confirmar_venta
    venta = service.confirmar_venta(venta_id)
            │       │               └ 3
            │       └ <function VentaService.confirmar_venta at 0x000002457169A020>
            └ <app.modules.ventas.services.venta_service.VentaService object at 0x000002457161DD30>

  File "D:\Programando-2025\motor_inventario\app\modules\ventas\services\venta_service.py", line 187, in confirmar_venta
    self.inventario_service.registrar_salida(
    │    │                  └ <function InventarioService.registrar_salida at 0x00000245716291C0>
    │    └ <app.modules.inventario.services.inventario_service.InventarioService object at 0x000002457161FA10>
    └ <app.modules.ventas.services.venta_service.VentaService object at 0x000002457161DD30>

> File "D:\Programando-2025\motor_inventario\app\modules\inventario\services\inventario_service.py", line 166, in registrar_salida
    self._validar_stock(
    │    └ <function InventarioService._validar_stock at 0x0000024571628FE0>
    └ <app.modules.inventario.services.inventario_service.InventarioService object at 0x000002457161FA10>

  File "D:\Programando-2025\motor_inventario\app\modules\inventario\services\inventario_service.py", line 56, in _validar_stock
    raise StockInsuficienteException(disponible=stock_actual, solicitado=cantidad)
          │                                     │                        └ 999999
          │                                     └ 54
          └ <class 'app.modules.inventario.exceptions.stock_insuficiente_exception.StockInsuficienteException'>

app.modules.inventario.exceptions.stock_insuficiente_exception.StockInsuficienteException: Stock insuficiente. Disponible: 54, solicitado: 999999.
2026-08-08 15:07:36.422 | SUCCESS  | app.modules.ventas.services.venta_service:crear_venta:170 - Venta V-2026-0001 creada correctamente.
2026-08-08 15:08:45.793 | INFO     | app.modules.inventario.services.inventario_service:registrar_salida:151 - Registrando salida. Producto=1, Cantidad=2
2026-08-08 15:08:45.794 | SUCCESS  | app.modules.inventario.services.inventario_service:registrar_salida:191 - Salida registrada correctamente. Producto=1, Stock=52
2026-08-08 15:08:45.958 | SUCCESS  | app.modules.ventas.services.venta_service:confirmar_venta:201 - Venta V-2026-0001 confirmada correctamente.
2026-08-11 00:08:30.926 | SUCCESS  | app.seeders.usuarios.usuario_seeder:run:43 - Usuario administrador 'admin@sistema.com' creado correctamente
2026-08-11 00:16:40.215 | INFO     | app.modules.usuarios.services.auth_service:autenticar:34 - Intento de autenticación para 'admin@test.com'
2026-08-11 00:16:40.274 | SUCCESS  | app.modules.usuarios.services.auth_service:autenticar:61 - Autenticación exitosa para 'admin@test.com'
2026-08-11 00:16:40.386 | INFO     | app.modules.usuarios.services.auth_service:autenticar:34 - Intento de autenticación para 'admin@test.com'
2026-08-11 00:16:40.441 | WARNING  | app.modules.usuarios.services.auth_service:autenticar:42 - Credenciales inválidas para 'admin@test.com'
2026-08-11 00:16:40.460 | INFO     | app.modules.usuarios.services.auth_service:autenticar:34 - Intento de autenticación para 'noexiste@test.com'
2026-08-11 00:16:40.461 | WARNING  | app.modules.usuarios.services.auth_service:autenticar:42 - Credenciales inválidas para 'noexiste@test.com'
2026-08-11 00:16:40.542 | INFO     | app.modules.usuarios.services.auth_service:autenticar:34 - Intento de autenticación para 'admin@test.com'
2026-08-11 00:16:40.600 | WARNING  | app.modules.usuarios.services.auth_service:autenticar:51 - Usuario 'admin@test.com' inactivo
2026-08-11 00:16:40.704 | INFO     | app.modules.usuarios.services.auth_service:autenticar:34 - Intento de autenticación para 'usuario@test.com'
2026-08-11 00:16:40.762 | SUCCESS  | app.modules.usuarios.services.auth_service:autenticar:61 - Autenticación exitosa para 'usuario@test.com'
2026-08-11 00:16:40.862 | INFO     | app.modules.usuarios.services.auth_service:autenticar:34 - Intento de autenticación para 'usuario@test.com'
2026-08-11 00:16:40.921 | SUCCESS  | app.modules.usuarios.services.auth_service:autenticar:61 - Autenticación exitosa para 'usuario@test.com'
2026-08-11 00:16:41.000 | INFO     | app.modules.usuarios.services.auth_service:autenticar:34 - Intento de autenticación para 'usuario@test.com'
2026-08-11 00:16:41.055 | SUCCESS  | app.modules.usuarios.services.auth_service:autenticar:61 - Autenticación exitosa para 'usuario@test.com'
2026-08-11 00:16:41.136 | INFO     | app.modules.usuarios.services.auth_service:autenticar:34 - Intento de autenticación para 'admin@test.com'
2026-08-11 00:16:41.194 | SUCCESS  | app.modules.usuarios.services.auth_service:autenticar:61 - Autenticación exitosa para 'admin@test.com'
2026-08-11 00:16:41.328 | INFO     | app.modules.usuarios.services.auth_service:autenticar:34 - Intento de autenticación para 'admin@test.com'
2026-08-11 00:16:41.391 | SUCCESS  | app.modules.usuarios.services.auth_service:autenticar:61 - Autenticación exitosa para 'admin@test.com'
2026-08-11 00:16:41.397 | INFO     | app.modules.usuarios.services.usuario_service:crear_usuario:28 - Iniciando creación del usuario 'usuario@test.com'
2026-08-11 00:18:19.847 | INFO     | app.modules.usuarios.services.auth_service:autenticar:34 - Intento de autenticación para 'admin@test.com'
2026-08-11 00:18:19.904 | SUCCESS  | app.modules.usuarios.services.auth_service:autenticar:61 - Autenticación exitosa para 'admin@test.com'
2026-08-11 00:18:19.990 | INFO     | app.modules.usuarios.services.auth_service:autenticar:34 - Intento de autenticación para 'admin@test.com'
2026-08-11 00:18:20.050 | WARNING  | app.modules.usuarios.services.auth_service:autenticar:42 - Credenciales inválidas para 'admin@test.com'
2026-08-11 00:18:20.067 | INFO     | app.modules.usuarios.services.auth_service:autenticar:34 - Intento de autenticación para 'noexiste@test.com'
2026-08-11 00:18:20.068 | WARNING  | app.modules.usuarios.services.auth_service:autenticar:42 - Credenciales inválidas para 'noexiste@test.com'
2026-08-11 00:18:20.142 | INFO     | app.modules.usuarios.services.auth_service:autenticar:34 - Intento de autenticación para 'admin@test.com'
2026-08-11 00:18:20.204 | WARNING  | app.modules.usuarios.services.auth_service:autenticar:51 - Usuario 'admin@test.com' inactivo
2026-08-11 00:18:20.314 | INFO     | app.modules.usuarios.services.auth_service:autenticar:34 - Intento de autenticación para 'usuario@test.com'
2026-08-11 00:18:20.374 | SUCCESS  | app.modules.usuarios.services.auth_service:autenticar:61 - Autenticación exitosa para 'usuario@test.com'
2026-08-11 00:18:20.481 | INFO     | app.modules.usuarios.services.auth_service:autenticar:34 - Intento de autenticación para 'usuario@test.com'
2026-08-11 00:18:20.536 | SUCCESS  | app.modules.usuarios.services.auth_service:autenticar:61 - Autenticación exitosa para 'usuario@test.com'
2026-08-11 00:18:20.618 | INFO     | app.modules.usuarios.services.auth_service:autenticar:34 - Intento de autenticación para 'usuario@test.com'
2026-08-11 00:18:20.672 | SUCCESS  | app.modules.usuarios.services.auth_service:autenticar:61 - Autenticación exitosa para 'usuario@test.com'
2026-08-11 00:18:20.754 | INFO     | app.modules.usuarios.services.auth_service:autenticar:34 - Intento de autenticación para 'admin@test.com'
2026-08-11 00:18:20.810 | SUCCESS  | app.modules.usuarios.services.auth_service:autenticar:61 - Autenticación exitosa para 'admin@test.com'
2026-08-11 00:18:20.948 | INFO     | app.modules.usuarios.services.auth_service:autenticar:34 - Intento de autenticación para 'admin@test.com'
2026-08-11 00:18:21.011 | SUCCESS  | app.modules.usuarios.services.auth_service:autenticar:61 - Autenticación exitosa para 'admin@test.com'
2026-08-11 00:18:21.016 | INFO     | app.modules.usuarios.services.usuario_service:crear_usuario:28 - Iniciando creación del usuario 'usuario@test.com'
2026-08-11 00:20:06.224 | INFO     | app.modules.usuarios.services.auth_service:autenticar:34 - Intento de autenticación para 'admin@test.com'
2026-08-11 00:20:06.290 | SUCCESS  | app.modules.usuarios.services.auth_service:autenticar:61 - Autenticación exitosa para 'admin@test.com'
2026-08-11 00:20:06.370 | INFO     | app.modules.usuarios.services.auth_service:autenticar:34 - Intento de autenticación para 'admin@test.com'
2026-08-11 00:20:06.427 | WARNING  | app.modules.usuarios.services.auth_service:autenticar:42 - Credenciales inválidas para 'admin@test.com'
2026-08-11 00:20:06.446 | INFO     | app.modules.usuarios.services.auth_service:autenticar:34 - Intento de autenticación para 'noexiste@test.com'
2026-08-11 00:20:06.448 | WARNING  | app.modules.usuarios.services.auth_service:autenticar:42 - Credenciales inválidas para 'noexiste@test.com'
2026-08-11 00:20:06.530 | INFO     | app.modules.usuarios.services.auth_service:autenticar:34 - Intento de autenticación para 'admin@test.com'
2026-08-11 00:20:06.588 | WARNING  | app.modules.usuarios.services.auth_service:autenticar:51 - Usuario 'admin@test.com' inactivo
2026-08-11 00:20:06.696 | INFO     | app.modules.usuarios.services.auth_service:autenticar:34 - Intento de autenticación para 'usuario@test.com'
2026-08-11 00:20:06.758 | SUCCESS  | app.modules.usuarios.services.auth_service:autenticar:61 - Autenticación exitosa para 'usuario@test.com'
2026-08-11 00:20:06.865 | INFO     | app.modules.usuarios.services.auth_service:autenticar:34 - Intento de autenticación para 'usuario@test.com'
2026-08-11 00:20:06.923 | SUCCESS  | app.modules.usuarios.services.auth_service:autenticar:61 - Autenticación exitosa para 'usuario@test.com'
2026-08-11 00:20:07.003 | INFO     | app.modules.usuarios.services.auth_service:autenticar:34 - Intento de autenticación para 'usuario@test.com'
2026-08-11 00:20:07.061 | SUCCESS  | app.modules.usuarios.services.auth_service:autenticar:61 - Autenticación exitosa para 'usuario@test.com'
2026-08-11 00:20:07.141 | INFO     | app.modules.usuarios.services.auth_service:autenticar:34 - Intento de autenticación para 'admin@test.com'
2026-08-11 00:20:07.198 | SUCCESS  | app.modules.usuarios.services.auth_service:autenticar:61 - Autenticación exitosa para 'admin@test.com'
2026-08-11 00:20:07.348 | INFO     | app.modules.usuarios.services.auth_service:autenticar:34 - Intento de autenticación para 'admin@test.com'
2026-08-11 00:20:07.408 | SUCCESS  | app.modules.usuarios.services.auth_service:autenticar:61 - Autenticación exitosa para 'admin@test.com'
2026-08-11 00:20:07.414 | INFO     | app.modules.usuarios.services.usuario_service:crear_usuario:25 - Iniciando creación del usuario 'usuario@test.com'
2026-08-11 00:20:20.449 | INFO     | app.modules.usuarios.services.auth_service:autenticar:34 - Intento de autenticación para 'admin@sistema.com'
2026-08-11 00:20:20.588 | SUCCESS  | app.modules.usuarios.services.auth_service:autenticar:61 - Autenticación exitosa para 'admin@sistema.com'
2026-08-11 00:22:07.708 | INFO     | app.modules.usuarios.services.auth_service:autenticar:34 - Intento de autenticación para 'admin@test.com'
2026-08-11 00:22:07.774 | SUCCESS  | app.modules.usuarios.services.auth_service:autenticar:61 - Autenticación exitosa para 'admin@test.com'
2026-08-11 00:22:07.856 | INFO     | app.modules.usuarios.services.auth_service:autenticar:34 - Intento de autenticación para 'admin@test.com'
2026-08-11 00:22:07.927 | WARNING  | app.modules.usuarios.services.auth_service:autenticar:42 - Credenciales inválidas para 'admin@test.com'
2026-08-11 00:22:07.946 | INFO     | app.modules.usuarios.services.auth_service:autenticar:34 - Intento de autenticación para 'noexiste@test.com'
2026-08-11 00:22:07.947 | WARNING  | app.modules.usuarios.services.auth_service:autenticar:42 - Credenciales inválidas para 'noexiste@test.com'
2026-08-11 00:22:08.029 | INFO     | app.modules.usuarios.services.auth_service:autenticar:34 - Intento de autenticación para 'admin@test.com'
2026-08-11 00:22:08.091 | WARNING  | app.modules.usuarios.services.auth_service:autenticar:51 - Usuario 'admin@test.com' inactivo
2026-08-11 00:22:08.213 | INFO     | app.modules.usuarios.services.auth_service:autenticar:34 - Intento de autenticación para 'usuario@test.com'
2026-08-11 00:22:08.277 | SUCCESS  | app.modules.usuarios.services.auth_service:autenticar:61 - Autenticación exitosa para 'usuario@test.com'
2026-08-11 00:22:08.389 | INFO     | app.modules.usuarios.services.auth_service:autenticar:34 - Intento de autenticación para 'usuario@test.com'
2026-08-11 00:22:08.458 | SUCCESS  | app.modules.usuarios.services.auth_service:autenticar:61 - Autenticación exitosa para 'usuario@test.com'
2026-08-11 00:22:08.549 | INFO     | app.modules.usuarios.services.auth_service:autenticar:34 - Intento de autenticación para 'usuario@test.com'
2026-08-11 00:22:08.616 | SUCCESS  | app.modules.usuarios.services.auth_service:autenticar:61 - Autenticación exitosa para 'usuario@test.com'
2026-08-11 00:22:08.708 | INFO     | app.modules.usuarios.services.auth_service:autenticar:34 - Intento de autenticación para 'admin@test.com'
2026-08-11 00:22:08.782 | SUCCESS  | app.modules.usuarios.services.auth_service:autenticar:61 - Autenticación exitosa para 'admin@test.com'
2026-08-11 00:22:08.938 | INFO     | app.modules.usuarios.services.auth_service:autenticar:34 - Intento de autenticación para 'admin@test.com'
2026-08-11 00:22:09.005 | SUCCESS  | app.modules.usuarios.services.auth_service:autenticar:61 - Autenticación exitosa para 'admin@test.com'
2026-08-11 00:22:09.011 | INFO     | app.modules.usuarios.services.usuario_service:crear_usuario:25 - Iniciando creación del usuario 'usuario@test.com'
2026-08-11 12:20:37.041 | INFO     | app.modules.usuarios.services.auth_service:autenticar:34 - Intento de autenticación para 'admin@test.com'
2026-08-11 12:20:37.565 | WARNING  | app.modules.usuarios.services.auth_service:autenticar:42 - Credenciales inválidas para 'admin@test.com'
2026-08-11 12:21:17.951 | INFO     | app.modules.usuarios.services.auth_service:autenticar:34 - Intento de autenticación para 'admin@sistema.com'
2026-08-11 12:21:18.063 | WARNING  | app.modules.usuarios.services.auth_service:autenticar:42 - Credenciales inválidas para 'admin@sistema.com'
2026-08-11 12:22:29.375 | INFO     | app.modules.usuarios.services.auth_service:autenticar:34 - Intento de autenticación para 'admin@sistema.com'
2026-08-11 12:22:29.444 | WARNING  | app.modules.usuarios.services.auth_service:autenticar:42 - Credenciales inválidas para 'admin@sistema.com'
2026-08-11 12:23:01.542 | INFO     | app.modules.usuarios.services.auth_service:autenticar:34 - Intento de autenticación para 'admin@test.com'
2026-08-11 12:23:01.545 | WARNING  | app.modules.usuarios.services.auth_service:autenticar:42 - Credenciales inválidas para 'admin@test.com'
2026-08-11 12:26:21.139 | INFO     | app.modules.usuarios.services.auth_service:autenticar:34 - Intento de autenticación para 'admin@sistema.com'
2026-08-11 12:26:21.202 | WARNING  | app.modules.usuarios.services.auth_service:autenticar:42 - Credenciales inválidas para 'admin@sistema.com'
2026-08-11 12:28:54.333 | INFO     | app.modules.usuarios.services.auth_service:autenticar:34 - Intento de autenticación para 'admin@sistema.com'
2026-08-11 12:28:54.399 | WARNING  | app.modules.usuarios.services.auth_service:autenticar:42 - Credenciales inválidas para 'admin@sistema.com'
2026-08-12 12:07:56.679 | INFO     | app.modules.usuarios.services.auth_service:autenticar:34 - Intento de autenticación para 'admin@test.com'
2026-08-12 12:07:57.120 | WARNING  | app.modules.usuarios.services.auth_service:autenticar:42 - Credenciales inválidas para 'admin@test.com'
2026-08-12 12:09:16.291 | INFO     | app.modules.usuarios.services.auth_service:autenticar:34 - Intento de autenticación para 'admin@sistema.com'
2026-08-12 12:09:16.472 | WARNING  | app.modules.usuarios.services.auth_service:autenticar:42 - Credenciales inválidas para 'admin@sistema.com'
2026-08-12 12:10:20.869 | INFO     | app.modules.usuarios.services.auth_service:autenticar:34 - Intento de autenticación para 'admin@sistema.com'
2026-08-12 12:10:20.926 | SUCCESS  | app.modules.usuarios.services.auth_service:autenticar:61 - Autenticación exitosa para 'admin@sistema.com'
2026-08-12 12:22:29.017 | INFO     | app.modules.usuarios.services.auth_service:autenticar:34 - Intento de autenticación para 'admin@sistema.com'
2026-08-12 12:22:29.399 | SUCCESS  | app.modules.usuarios.services.auth_service:autenticar:61 - Autenticación exitosa para 'admin@sistema.com'
2026-08-14 12:57:00.810 | INFO     | app.modules.usuarios.services.auth_service:autenticar:34 - Intento de autenticación para 'admin@sistema.com'
2026-08-14 12:57:01.377 | SUCCESS  | app.modules.usuarios.services.auth_service:autenticar:61 - Autenticación exitosa para 'admin@sistema.com'
2026-08-14 13:27:42.339 | INFO     | app.modules.usuarios.services.auth_service:autenticar:34 - Intento de autenticación para 'admin@sistema.com'
2026-08-14 13:27:42.399 | WARNING  | app.modules.usuarios.services.auth_service:autenticar:42 - Credenciales inválidas para 'admin@sistema.com'
2026-08-14 13:27:43.771 | INFO     | app.modules.usuarios.services.auth_service:autenticar:34 - Intento de autenticación para 'admin@sistema.com'
2026-08-14 13:27:43.830 | WARNING  | app.modules.usuarios.services.auth_service:autenticar:42 - Credenciales inválidas para 'admin@sistema.com'
2026-08-14 13:27:59.841 | INFO     | app.modules.usuarios.services.auth_service:autenticar:34 - Intento de autenticación para 'admin@sistema.com'
2026-08-14 13:27:59.902 | SUCCESS  | app.modules.usuarios.services.auth_service:autenticar:61 - Autenticación exitosa para 'admin@sistema.com'
2026-08-14 14:38:16.572 | INFO     | app.modules.usuarios.services.auth_service:autenticar:34 - Intento de autenticación para 'admin@sistema.com'
2026-08-14 14:38:16.643 | SUCCESS  | app.modules.usuarios.services.auth_service:autenticar:61 - Autenticación exitosa para 'admin@sistema.com'
2026-08-14 21:28:39.936 | INFO     | app.modules.usuarios.services.auth_service:autenticar:34 - Intento de autenticación para 'admin@sistema.com'
2026-08-14 21:28:40.561 | SUCCESS  | app.modules.usuarios.services.auth_service:autenticar:61 - Autenticación exitosa para 'admin@sistema.com'
2026-08-14 21:29:44.191 | INFO     | app.modules.usuarios.services.auth_service:autenticar:34 - Intento de autenticación para 'admin@sistema.com'
2026-08-14 21:29:44.250 | SUCCESS  | app.modules.usuarios.services.auth_service:autenticar:61 - Autenticación exitosa para 'admin@sistema.com'
2026-08-14 22:01:33.784 | INFO     | app.modules.usuarios.services.auth_service:autenticar:34 - Intento de autenticación para 'admin@sistema.com'
2026-08-14 22:01:33.844 | SUCCESS  | app.modules.usuarios.services.auth_service:autenticar:61 - Autenticación exitosa para 'admin@sistema.com'
2026-08-14 22:07:28.092 | INFO     | app.modules.usuarios.services.auth_service:autenticar:34 - Intento de autenticación para 'admin@sistema.com'
2026-08-14 22:07:28.151 | SUCCESS  | app.modules.usuarios.services.auth_service:autenticar:61 - Autenticación exitosa para 'admin@sistema.com'
2026-08-14 22:08:09.340 | INFO     | app.modules.usuarios.services.auth_service:autenticar:34 - Intento de autenticación para 'admin@sistema.com'
2026-08-14 22:08:09.405 | SUCCESS  | app.modules.usuarios.services.auth_service:autenticar:61 - Autenticación exitosa para 'admin@sistema.com'
2026-08-14 22:10:10.583 | INFO     | app.modules.inventario.services.inventario_service:ajustar_stock:209 - Ajustando stock. Producto=1, Nuevo Stock=10
2026-08-14 22:10:10.683 | SUCCESS  | app.modules.inventario.services.inventario_service:ajustar_stock:251 - Stock ajustado correctamente. Producto=1, Stock=10
2026-08-14 22:19:40.621 | SUCCESS  | app.modules.ventas.services.venta_service:crear_venta:170 - Venta VTA-2026-002 creada correctamente.
2026-08-14 22:20:16.605 | INFO     | app.modules.inventario.services.inventario_service:registrar_salida:151 - Registrando salida. Producto=2, Cantidad=1
2026-08-14 22:20:16.607 | ERROR    | app.modules.inventario.services.inventario_service:registrar_salida:202 - Error registrando salida: No existe un producto con ID 2.
Traceback (most recent call last):

  File "C:\Python313\Lib\threading.py", line 1014, in _bootstrap
    self._bootstrap_inner()
    │    └ <function Thread._bootstrap_inner at 0x000001D6BF2B0040>
    └ <WorkerThread(AnyIO worker thread, started 4308)>
  File "C:\Python313\Lib\threading.py", line 1043, in _bootstrap_inner
    self.run()
    │    └ <function WorkerThread.run at 0x000001D6DD0423E0>
    └ <WorkerThread(AnyIO worker thread, started 4308)>
  File "D:\Programando-2025\motor_inventario\.venv\Lib\site-packages\anyio\_backends\_asyncio.py", line 1033, in run
    result = context.run(func, *args)
             │       │   │      └ ()
             │       │   └ functools.partial(<function confirmar_venta at 0x000001D6C4DE8E00>, service=<app.modules.ventas.services.venta_service.VentaS...
             │       └ <method 'run' of '_contextvars.Context' objects>
             └ <_contextvars.Context object at 0x000001D6DD3693C0>

  File "D:\Programando-2025\motor_inventario\app\api\routers\ventas.py", line 63, in confirmar_venta
    venta = service.confirmar_venta(venta_id)
            │       │               └ 5
            │       └ <function VentaService.confirmar_venta at 0x000001D6C4DE8A40>
            └ <app.modules.ventas.services.venta_service.VentaService object at 0x000001D6DD2E7ED0>

  File "D:\Programando-2025\motor_inventario\app\modules\ventas\services\venta_service.py", line 187, in confirmar_venta
    self.inventario_service.registrar_salida(
    │    │                  └ <function InventarioService.registrar_salida at 0x000001D6C4CFBC40>
    │    └ <app.modules.inventario.services.inventario_service.InventarioService object at 0x000001D6DD10A0B0>
    └ <app.modules.ventas.services.venta_service.VentaService object at 0x000001D6DD2E7ED0>

> File "D:\Programando-2025\motor_inventario\app\modules\inventario\services\inventario_service.py", line 162, in registrar_salida
    raise ProductoNoEncontradoException(
          └ <class 'app.modules.inventario.exceptions.producto_no_encontrado_exception.ProductoNoEncontradoException'>

app.modules.inventario.exceptions.producto_no_encontrado_exception.ProductoNoEncontradoException: No existe un producto con ID 2.
2026-08-14 22:21:15.568 | INFO     | app.modules.inventario.services.inventario_service:registrar_salida:151 - Registrando salida. Producto=2, Cantidad=1
2026-08-14 22:21:15.570 | ERROR    | app.modules.inventario.services.inventario_service:registrar_salida:202 - Error registrando salida: No existe un producto con ID 2.
Traceback (most recent call last):

  File "C:\Python313\Lib\threading.py", line 1014, in _bootstrap
    self._bootstrap_inner()
    │    └ <function Thread._bootstrap_inner at 0x000001D6BF2B0040>
    └ <WorkerThread(AnyIO worker thread, started 4308)>
  File "C:\Python313\Lib\threading.py", line 1043, in _bootstrap_inner
    self.run()
    │    └ <function WorkerThread.run at 0x000001D6DD0423E0>
    └ <WorkerThread(AnyIO worker thread, started 4308)>
  File "D:\Programando-2025\motor_inventario\.venv\Lib\site-packages\anyio\_backends\_asyncio.py", line 1033, in run
    result = context.run(func, *args)
             │       │   │      └ ()
             │       │   └ functools.partial(<function confirmar_venta at 0x000001D6C4DE8E00>, service=<app.modules.ventas.services.venta_service.VentaS...
             │       └ <method 'run' of '_contextvars.Context' objects>
             └ <_contextvars.Context object at 0x000001D6DD0B0800>

  File "D:\Programando-2025\motor_inventario\app\api\routers\ventas.py", line 63, in confirmar_venta
    venta = service.confirmar_venta(venta_id)
            │       │               └ 5
            │       └ <function VentaService.confirmar_venta at 0x000001D6C4DE8A40>
            └ <app.modules.ventas.services.venta_service.VentaService object at 0x000001D6DCEDB230>

  File "D:\Programando-2025\motor_inventario\app\modules\ventas\services\venta_service.py", line 187, in confirmar_venta
    self.inventario_service.registrar_salida(
    │    │                  └ <function InventarioService.registrar_salida at 0x000001D6C4CFBC40>
    │    └ <app.modules.inventario.services.inventario_service.InventarioService object at 0x000001D6DD10A120>
    └ <app.modules.ventas.services.venta_service.VentaService object at 0x000001D6DCEDB230>

> File "D:\Programando-2025\motor_inventario\app\modules\inventario\services\inventario_service.py", line 162, in registrar_salida
    raise ProductoNoEncontradoException(
          └ <class 'app.modules.inventario.exceptions.producto_no_encontrado_exception.ProductoNoEncontradoException'>

app.modules.inventario.exceptions.producto_no_encontrado_exception.ProductoNoEncontradoException: No existe un producto con ID 2.
2026-08-14 22:23:49.631 | INFO     | app.modules.inventario.services.inventario_service:registrar_salida:151 - Registrando salida. Producto=2, Cantidad=1
2026-08-14 22:23:49.632 | ERROR    | app.modules.inventario.services.inventario_service:registrar_salida:202 - Error registrando salida: No existe un producto con ID 2.
Traceback (most recent call last):

  File "C:\Python313\Lib\threading.py", line 1014, in _bootstrap
    self._bootstrap_inner()
    │    └ <function Thread._bootstrap_inner at 0x000001D6BF2B0040>
    └ <WorkerThread(AnyIO worker thread, started 4308)>
  File "C:\Python313\Lib\threading.py", line 1043, in _bootstrap_inner
    self.run()
    │    └ <function WorkerThread.run at 0x000001D6DD0423E0>
    └ <WorkerThread(AnyIO worker thread, started 4308)>
  File "D:\Programando-2025\motor_inventario\.venv\Lib\site-packages\anyio\_backends\_asyncio.py", line 1033, in run
    result = context.run(func, *args)
             │       │   │      └ ()
             │       │   └ functools.partial(<function confirmar_venta at 0x000001D6C4DE8E00>, service=<app.modules.ventas.services.venta_service.VentaS...
             │       └ <method 'run' of '_contextvars.Context' objects>
             └ <_contextvars.Context object at 0x000001D6DD0D3880>

  File "D:\Programando-2025\motor_inventario\app\api\routers\ventas.py", line 63, in confirmar_venta
    venta = service.confirmar_venta(venta_id)
            │       │               └ 5
            │       └ <function VentaService.confirmar_venta at 0x000001D6C4DE8A40>
            └ <app.modules.ventas.services.venta_service.VentaService object at 0x000001D6DD350B90>

  File "D:\Programando-2025\motor_inventario\app\modules\ventas\services\venta_service.py", line 187, in confirmar_venta
    self.inventario_service.registrar_salida(
    │    │                  └ <function InventarioService.registrar_salida at 0x000001D6C4CFBC40>
    │    └ <app.modules.inventario.services.inventario_service.InventarioService object at 0x000001D6DD7829E0>
    └ <app.modules.ventas.services.venta_service.VentaService object at 0x000001D6DD350B90>

> File "D:\Programando-2025\motor_inventario\app\modules\inventario\services\inventario_service.py", line 162, in registrar_salida
    raise ProductoNoEncontradoException(
          └ <class 'app.modules.inventario.exceptions.producto_no_encontrado_exception.ProductoNoEncontradoException'>

app.modules.inventario.exceptions.producto_no_encontrado_exception.ProductoNoEncontradoException: No existe un producto con ID 2.
2026-08-15 15:05:05.441 | INFO     | app.modules.usuarios.services.auth_service:autenticar:34 - Intento de autenticación para 'admin@sistema.com'
2026-08-15 15:05:07.544 | SUCCESS  | app.modules.usuarios.services.auth_service:autenticar:61 - Autenticación exitosa para 'admin@sistema.com'
2026-08-15 15:05:39.676 | INFO     | app.modules.usuarios.services.auth_service:autenticar:34 - Intento de autenticación para 'admin@sistema.com'
2026-08-15 15:05:39.740 | SUCCESS  | app.modules.usuarios.services.auth_service:autenticar:61 - Autenticación exitosa para 'admin@sistema.com'
2026-08-15 15:38:50.466 | INFO     | app.modules.usuarios.services.auth_service:autenticar:34 - Intento de autenticación para 'admin@sistema.com'
2026-08-15 15:38:50.614 | SUCCESS  | app.modules.usuarios.services.auth_service:autenticar:61 - Autenticación exitosa para 'admin@sistema.com'
